single_star 0 1 0.0 0.0
single_star 1 6 -1.0000000000000002 1.127031031769752e-15
single_star 2 15 -1.776147667954232 2.064367583911598e-15
single_star 3 20 -2.4030921275401838 4.023864515047435e-15
single_star 4 15 -1.7761476679542327 2.308371441232008e-15
single_star 5 6 -1.0000000000000002 4.618015051452616e-16
single_star 6 1 0.0 0.0
shared_edge_pair 0 1 0.0 0.0
shared_edge_pair 1 11 -1.4142135623730963 1.2307900716551278e-15
shared_edge_pair 2 55 -2.2546171856581676 6.453166694585494e-13
shared_edge_pair 3 165 -3.0738620276272095 1.8270245865972257e-11
shared_edge_pair 4 330 -3.7398218767655713 5.252445386119217e-15
shared_edge_pair 5 462 -4.3967655435136574 4.320651243981827e-11
shared_edge_pair 6 462 -4.396765543513645 2.2558754792270113e-11
shared_edge_pair 7 330 -3.739821876765573 2.9234823027613815e-15
shared_edge_pair 8 165 -3.073862027627218 5.761254288661199e-12
shared_edge_pair 9 55 -2.254617185658166 1.770706482264063e-14
shared_edge_pair 10 11 -1.4142135623730951 1.0755222817048824e-15
shared_edge_pair 11 1 0.0 0.0
four_star_torus 0 1 0.0 0.0
four_star_torus 1 18 -1.4142135623730954 4.956911624498787e-16
four_star_torus 2 153 -2.82842712474619 3.34863540658128e-12
four_star_torus 3 816 -4.052373244092016 1.5406664304819582e-14
four_star_torus 4 3060 -5.235000483259791 1.533596154445249e-13
four_star_torus 5 8568 -6.294411564814186 1.5998907097445523e-11
four_star_torus 6 18564 -7.292627573041381 4.6294765414825274e-11
four_star_torus 7 31824 -7.3150203047358024 3.026041847443114e-13
four_star_torus 8 43758 -7.355873138044416 1.9962690570310294e-11
four_star_torus 9 48620 -7.364534839425783 6.865400804384814e-12
four_star_torus 10 43758 -7.3558731380443865 3.584417844405337e-11
four_star_torus 11 31824 -7.315020304735796 3.2254163340073865e-13
four_star_torus 12 18564 -7.292627573041363 2.8524896662053198e-11
four_star_torus 13 8568 -6.294411564814205 6.239426355339344e-12
four_star_torus 14 3060 -5.2350004832597765 1.3168873996054104e-13
four_star_torus 15 816 -4.0523732440920215 1.456172753216535e-14
four_star_torus 16 153 -2.828427124746199 4.235800255367585e-12
four_star_torus 17 18 -1.4142135623730965 1.824111020927514e-15
four_star_torus 18 1 0.0 0.0
