After sweep 1 energy=-8.037741644616364  maxlinkdim=249 maxerr=9.95E-12 time=46.026
After sweep 2 energy=-8.03774164457447  maxlinkdim=221 maxerr=9.89E-12 time=8.475
After sweep 3 energy=-8.03774164427098  maxlinkdim=197 maxerr=9.90E-12 time=2.491
After sweep 4 energy=-8.037741644227808  maxlinkdim=196 maxerr=9.89E-12 time=2.102
After sweep 5 energy=-8.037741644216371  maxlinkdim=196 maxerr=9.88E-12 time=2.191
After sweep 6 energy=-8.037741644216345  maxlinkdim=196 maxerr=9.82E-12 time=2.161
After sweep 7 energy=-8.037741644216336  maxlinkdim=196 maxerr=9.82E-12 time=2.346
After sweep 8 energy=-8.037741644216332  maxlinkdim=196 maxerr=9.82E-12 time=2.000
After sweep 9 energy=-8.03774164421633  maxlinkdim=196 maxerr=9.82E-12 time=2.885
After sweep 10 energy=-8.037741644216334  maxlinkdim=196 maxerr=9.82E-12 time=2.250
After sweep 11 energy=-8.037741644216332  maxlinkdim=196 maxerr=9.82E-12 time=2.613
After sweep 12 energy=-8.037741644216347  maxlinkdim=196 maxerr=9.82E-12 time=2.029
After sweep 1 energy=-15.338108262309024  maxlinkdim=256 maxerr=2.55E-06 time=22.606
After sweep 2 energy=-15.34343627952331  maxlinkdim=256 maxerr=1.49E-06 time=20.737
After sweep 3 energy=-15.345261530106947  maxlinkdim=256 maxerr=8.99E-07 time=20.861
After sweep 4 energy=-15.345390342199183  maxlinkdim=256 maxerr=5.52E-07 time=19.236
After sweep 5 energy=-15.345403071885391  maxlinkdim=256 maxerr=4.85E-07 time=18.282
After sweep 6 energy=-15.345405415844752  maxlinkdim=256 maxerr=4.72E-07 time=18.773
After sweep 7 energy=-15.345405996500327  maxlinkdim=256 maxerr=4.67E-07 time=18.396
After sweep 8 energy=-15.345406155519827  maxlinkdim=256 maxerr=4.64E-07 time=17.833
After sweep 9 energy=-15.345406201265448  maxlinkdim=256 maxerr=4.63E-07 time=19.133
After sweep 10 energy=-15.345406216534082  maxlinkdim=256 maxerr=4.62E-07 time=19.402
After sweep 11 energy=-15.345406225322483  maxlinkdim=256 maxerr=4.62E-07 time=19.068
After sweep 12 energy=-15.345406227612273  maxlinkdim=256 maxerr=4.62E-07 time=18.289
After sweep 1 energy=-15.33738803246028  maxlinkdim=256 maxerr=2.10E-06 time=22.132
After sweep 2 energy=-15.33767903909779  maxlinkdim=256 maxerr=5.25E-07 time=21.750
After sweep 3 energy=-15.337683034549249  maxlinkdim=256 maxerr=5.01E-07 time=20.273
After sweep 4 energy=-15.337683198659038  maxlinkdim=256 maxerr=5.03E-07 time=20.501
After sweep 5 energy=-15.337683205741838  maxlinkdim=256 maxerr=5.03E-07 time=19.173
After sweep 6 energy=-15.337683206238296  maxlinkdim=256 maxerr=5.03E-07 time=19.240
After sweep 7 energy=-15.337683206529547  maxlinkdim=256 maxerr=5.03E-07 time=19.127
After sweep 8 energy=-15.337683207223655  maxlinkdim=256 maxerr=5.03E-07 time=18.720
After sweep 9 energy=-15.337683209431962  maxlinkdim=256 maxerr=5.03E-07 time=20.221
After sweep 10 energy=-15.33768322055173  maxlinkdim=256 maxerr=5.03E-07 time=19.596
After sweep 11 energy=-15.337683309493604  maxlinkdim=256 maxerr=5.04E-07 time=19.133
After sweep 12 energy=-15.337683765905277  maxlinkdim=256 maxerr=5.03E-07 time=18.068
After sweep 1 energy=-15.322301040473075  maxlinkdim=256 maxerr=9.28E-07 time=21.538
After sweep 2 energy=-15.326440801019409  maxlinkdim=256 maxerr=3.55E-07 time=21.424
After sweep 3 energy=-15.326714621163287  maxlinkdim=256 maxerr=1.38E-07 time=18.930
After sweep 4 energy=-15.326730890754336  maxlinkdim=256 maxerr=1.24E-07 time=18.227
After sweep 5 energy=-15.326731978000547  maxlinkdim=256 maxerr=1.21E-07 time=20.193
After sweep 6 energy=-15.326732074439125  maxlinkdim=256 maxerr=1.20E-07 time=18.450
After sweep 7 energy=-15.326732083275344  maxlinkdim=256 maxerr=1.19E-07 time=18.568
After sweep 8 energy=-15.326732084667709  maxlinkdim=256 maxerr=1.19E-07 time=19.283
After sweep 9 energy=-15.326732085195317  maxlinkdim=256 maxerr=1.18E-07 time=19.525
After sweep 10 energy=-15.326732085537007  maxlinkdim=256 maxerr=1.18E-07 time=22.181
After sweep 11 energy=-15.326732085794553  maxlinkdim=256 maxerr=1.18E-07 time=22.782
After sweep 12 energy=-15.326732085996685  maxlinkdim=256 maxerr=1.18E-07 time=20.485
After sweep 1 energy=-15.32639215289798  maxlinkdim=256 maxerr=1.38E-06 time=26.374
After sweep 2 energy=-15.326731653501536  maxlinkdim=256 maxerr=1.11E-07 time=24.038
After sweep 3 energy=-15.32673177728506  maxlinkdim=256 maxerr=1.13E-07 time=23.939
After sweep 4 energy=-15.326731774105939  maxlinkdim=256 maxerr=1.13E-07 time=24.047
After sweep 5 energy=-15.326731774309506  maxlinkdim=256 maxerr=1.13E-07 time=21.477
After sweep 6 energy=-15.32673177436448  maxlinkdim=256 maxerr=1.13E-07 time=20.204
After sweep 7 energy=-15.326731774393652  maxlinkdim=256 maxerr=1.13E-07 time=17.051
After sweep 8 energy=-15.326731774413766  maxlinkdim=256 maxerr=1.13E-07 time=18.783
After sweep 9 energy=-15.326731774428618  maxlinkdim=256 maxerr=1.13E-07 time=18.187
After sweep 10 energy=-15.326731774439617  maxlinkdim=256 maxerr=1.13E-07 time=17.785
After sweep 11 energy=-15.326731774447344  maxlinkdim=256 maxerr=1.13E-07 time=17.779
After sweep 12 energy=-15.326731774452329  maxlinkdim=256 maxerr=1.13E-07 time=19.114
After sweep 1 energy=-15.289991447009573  maxlinkdim=256 maxerr=2.67E-09 time=17.304
After sweep 2 energy=-15.29056609614114  maxlinkdim=256 maxerr=1.54E-08 time=17.095
After sweep 3 energy=-15.314444782846094  maxlinkdim=256 maxerr=5.05E-06 time=19.321
After sweep 4 energy=-15.335050354784073  maxlinkdim=256 maxerr=8.88E-07 time=21.926
After sweep 5 energy=-15.33604932550403  maxlinkdim=256 maxerr=1.48E-07 time=22.545
After sweep 6 energy=-15.336083492579519  maxlinkdim=256 maxerr=1.46E-07 time=22.425
After sweep 7 energy=-15.336108979221803  maxlinkdim=256 maxerr=1.39E-07 time=20.921
After sweep 8 energy=-15.336129347130152  maxlinkdim=256 maxerr=1.32E-07 time=21.047
After sweep 9 energy=-15.336145626649468  maxlinkdim=256 maxerr=1.25E-07 time=23.219
After sweep 10 energy=-15.336158543366778  maxlinkdim=256 maxerr=1.16E-07 time=18.241
After sweep 11 energy=-15.336168546241963  maxlinkdim=256 maxerr=1.07E-07 time=19.360
After sweep 12 energy=-15.336176236016763  maxlinkdim=256 maxerr=9.94E-08 time=19.340
After sweep 1 energy=-15.289768822763225  maxlinkdim=256 maxerr=2.12E-08 time=19.271
After sweep 2 energy=-15.313908808779232  maxlinkdim=256 maxerr=2.15E-08 time=17.519
After sweep 3 energy=-15.329421133823505  maxlinkdim=256 maxerr=1.13E-06 time=18.913
After sweep 4 energy=-15.335968650181588  maxlinkdim=256 maxerr=2.73E-07 time=18.250
After sweep 5 energy=-15.33603350616182  maxlinkdim=256 maxerr=2.79E-07 time=18.657
After sweep 6 energy=-15.336070341764618  maxlinkdim=256 maxerr=2.69E-07 time=18.474
After sweep 7 energy=-15.336099520344538  maxlinkdim=256 maxerr=2.52E-07 time=20.196
After sweep 8 energy=-15.336123226021972  maxlinkdim=256 maxerr=2.42E-07 time=19.266
After sweep 9 energy=-15.33614204878527  maxlinkdim=256 maxerr=2.24E-07 time=19.867
After sweep 10 energy=-15.33615667224622  maxlinkdim=256 maxerr=2.07E-07 time=19.424
After sweep 11 energy=-15.33616786976209  maxlinkdim=256 maxerr=1.93E-07 time=26.753
After sweep 12 energy=-15.336176293948778  maxlinkdim=256 maxerr=1.77E-07 time=18.454
After sweep 1 energy=-15.28602266890249  maxlinkdim=256 maxerr=2.84E-10 time=21.778
After sweep 2 energy=-15.32043309004932  maxlinkdim=256 maxerr=3.78E-06 time=20.870
After sweep 3 energy=-15.320647540687617  maxlinkdim=256 maxerr=5.78E-09 time=16.296
After sweep 4 energy=-15.320647615329166  maxlinkdim=256 maxerr=5.96E-09 time=18.984
After sweep 5 energy=-15.320647622095176  maxlinkdim=256 maxerr=5.96E-09 time=22.191
After sweep 6 energy=-15.3206476287943  maxlinkdim=256 maxerr=5.96E-09 time=25.091
After sweep 7 energy=-15.320647635485328  maxlinkdim=256 maxerr=5.96E-09 time=33.225
After sweep 8 energy=-15.320647642171581  maxlinkdim=256 maxerr=5.95E-09 time=25.820
After sweep 9 energy=-15.320647648853782  maxlinkdim=256 maxerr=5.95E-09 time=19.840
After sweep 10 energy=-15.32064765553248  maxlinkdim=256 maxerr=5.95E-09 time=19.093
After sweep 11 energy=-15.320647662207932  maxlinkdim=256 maxerr=5.95E-09 time=21.923
After sweep 12 energy=-15.320647668880145  maxlinkdim=256 maxerr=5.95E-09 time=19.004
After sweep 1 energy=-15.326307716514808  maxlinkdim=256 maxerr=1.03E-07 time=19.803
After sweep 2 energy=-15.326371002580668  maxlinkdim=256 maxerr=1.71E-10 time=22.170
After sweep 3 energy=-15.32637101044334  maxlinkdim=256 maxerr=1.35E-10 time=17.862
After sweep 4 energy=-15.326371011378884  maxlinkdim=256 maxerr=1.39E-10 time=14.697
After sweep 5 energy=-15.326371011400113  maxlinkdim=256 maxerr=1.39E-10 time=17.589
After sweep 6 energy=-15.326371011397166  maxlinkdim=256 maxerr=1.39E-10 time=13.022
After sweep 7 energy=-15.326371011397894  maxlinkdim=256 maxerr=1.39E-10 time=15.782
After sweep 8 energy=-15.32637101140655  maxlinkdim=256 maxerr=1.39E-10 time=15.580
After sweep 9 energy=-15.3263710114129  maxlinkdim=256 maxerr=1.39E-10 time=13.230
After sweep 10 energy=-15.326371011413043  maxlinkdim=256 maxerr=1.39E-10 time=13.904
After sweep 11 energy=-15.32637101141409  maxlinkdim=256 maxerr=1.39E-10 time=23.881
After sweep 12 energy=-15.326371011416628  maxlinkdim=256 maxerr=1.39E-10 time=29.664
After sweep 1 energy=-14.629887169239716  maxlinkdim=256 maxerr=1.71E-06 time=29.918
After sweep 2 energy=-14.629919136031038  maxlinkdim=256 maxerr=1.01E-10 time=16.464
After sweep 3 energy=-14.629919349887729  maxlinkdim=256 maxerr=1.13E-10 time=21.885
After sweep 4 energy=-14.62991935016781  maxlinkdim=256 maxerr=1.19E-10 time=29.910
After sweep 5 energy=-14.629919350178888  maxlinkdim=256 maxerr=1.19E-10 time=42.188
After sweep 6 energy=-14.629919350187162  maxlinkdim=256 maxerr=1.19E-10 time=37.309
After sweep 7 energy=-14.629919350199293  maxlinkdim=256 maxerr=1.19E-10 time=30.342
After sweep 8 energy=-14.629919350209754  maxlinkdim=256 maxerr=1.19E-10 time=18.303
After sweep 9 energy=-14.629919350211207  maxlinkdim=256 maxerr=1.19E-10 time=13.832
After sweep 10 energy=-14.629919350211644  maxlinkdim=256 maxerr=1.19E-10 time=14.875
After sweep 11 energy=-14.62991935021174  maxlinkdim=256 maxerr=1.19E-10 time=17.156
After sweep 12 energy=-14.629919350211814  maxlinkdim=256 maxerr=1.19E-10 time=18.813
After sweep 1 energy=-15.031109659286273  maxlinkdim=256 maxerr=1.81E-06 time=20.604
After sweep 2 energy=-15.032850768710992  maxlinkdim=256 maxerr=2.44E-08 time=21.270
After sweep 3 energy=-15.032856940822096  maxlinkdim=256 maxerr=8.93E-10 time=15.700
After sweep 4 energy=-15.032857294072732  maxlinkdim=256 maxerr=4.33E-10 time=8.446
After sweep 5 energy=-15.03285730979899  maxlinkdim=256 maxerr=4.12E-10 time=8.547
After sweep 6 energy=-15.032857310716985  maxlinkdim=256 maxerr=4.03E-10 time=8.728
After sweep 7 energy=-15.032857310797562  maxlinkdim=256 maxerr=4.02E-10 time=8.382
After sweep 8 energy=-15.032857310806277  maxlinkdim=256 maxerr=4.02E-10 time=8.094
After sweep 9 energy=-15.032857310807525  maxlinkdim=256 maxerr=4.02E-10 time=8.696
After sweep 10 energy=-15.03285731080786  maxlinkdim=256 maxerr=4.02E-10 time=9.753
After sweep 11 energy=-15.032857310807913  maxlinkdim=256 maxerr=4.02E-10 time=9.863
After sweep 12 energy=-15.032857310807989  maxlinkdim=256 maxerr=4.02E-10 time=9.946
After sweep 1 energy=-15.032790432526719  maxlinkdim=256 maxerr=1.77E-06 time=17.097
After sweep 2 energy=-15.033707905688626  maxlinkdim=256 maxerr=8.22E-09 time=14.482
After sweep 3 energy=-15.033745606168287  maxlinkdim=256 maxerr=1.07E-09 time=16.954
After sweep 4 energy=-15.033747521110753  maxlinkdim=256 maxerr=1.51E-10 time=14.663
After sweep 5 energy=-15.033747606211847  maxlinkdim=256 maxerr=5.93E-11 time=12.656
After sweep 6 energy=-15.03374761006008  maxlinkdim=256 maxerr=5.56E-11 time=12.473
After sweep 7 energy=-15.033747610257372  maxlinkdim=256 maxerr=5.46E-11 time=9.320
After sweep 8 energy=-15.033747610271961  maxlinkdim=256 maxerr=5.45E-11 time=7.845
After sweep 9 energy=-15.033747610276588  maxlinkdim=256 maxerr=5.45E-11 time=7.795
After sweep 10 energy=-15.03374761027688  maxlinkdim=256 maxerr=5.45E-11 time=8.110
After sweep 11 energy=-15.03374761027695  maxlinkdim=256 maxerr=5.45E-11 time=8.222
After sweep 12 energy=-15.03374761027698  maxlinkdim=256 maxerr=5.45E-11 time=7.846
After sweep 1 energy=-15.009563162651446  maxlinkdim=256 maxerr=1.88E-06 time=13.988
After sweep 2 energy=-15.012801974054929  maxlinkdim=256 maxerr=2.98E-09 time=20.040
After sweep 3 energy=-15.012810698305815  maxlinkdim=256 maxerr=8.71E-11 time=17.524
After sweep 4 energy=-15.012811132479335  maxlinkdim=256 maxerr=2.85E-11 time=10.217
After sweep 5 energy=-15.01281114953533  maxlinkdim=256 maxerr=1.25E-11 time=10.205
After sweep 6 energy=-15.012811150242177  maxlinkdim=256 maxerr=1.10E-11 time=12.367
After sweep 7 energy=-15.012811150287094  maxlinkdim=256 maxerr=1.10E-11 time=12.772
After sweep 8 energy=-15.012811150291268  maxlinkdim=256 maxerr=1.09E-11 time=13.394
After sweep 9 energy=-15.012811150291789  maxlinkdim=256 maxerr=1.09E-11 time=13.019
After sweep 10 energy=-15.012811150291963  maxlinkdim=256 maxerr=1.09E-11 time=13.441
After sweep 11 energy=-15.012811150291999  maxlinkdim=256 maxerr=1.09E-11 time=13.727
After sweep 12 energy=-15.012811150291977  maxlinkdim=256 maxerr=1.09E-11 time=16.780
After sweep 1 energy=-15.006653719672654  maxlinkdim=256 maxerr=2.85E-06 time=21.608
After sweep 2 energy=-15.006839095618377  maxlinkdim=255 maxerr=8.56E-11 time=10.433
After sweep 3 energy=-15.00683944725901  maxlinkdim=195 maxerr=1.00E-11 time=5.309
After sweep 4 energy=-15.006839449311618  maxlinkdim=182 maxerr=9.99E-12 time=4.528
After sweep 5 energy=-15.006839449310725  maxlinkdim=182 maxerr=9.99E-12 time=4.582
After sweep 6 energy=-15.006839449311032  maxlinkdim=182 maxerr=9.96E-12 time=4.425
After sweep 7 energy=-15.006839449311075  maxlinkdim=182 maxerr=9.96E-12 time=4.739
After sweep 8 energy=-15.006839449311089  maxlinkdim=182 maxerr=9.96E-12 time=4.673
After sweep 9 energy=-15.00683944931106  maxlinkdim=182 maxerr=9.96E-12 time=4.388
After sweep 10 energy=-15.006839449311089  maxlinkdim=182 maxerr=9.96E-12 time=4.982
After sweep 11 energy=-15.006839449311064  maxlinkdim=182 maxerr=9.96E-12 time=4.812
After sweep 12 energy=-15.006839449311085  maxlinkdim=182 maxerr=9.96E-12 time=4.827
After sweep 1 energy=-14.971804614138804  maxlinkdim=256 maxerr=7.07E-07 time=12.794
After sweep 2 energy=-14.971813061785916  maxlinkdim=138 maxerr=9.97E-12 time=5.464
After sweep 3 energy=-14.97181306141764  maxlinkdim=119 maxerr=9.90E-12 time=4.350
After sweep 4 energy=-14.971813061344964  maxlinkdim=118 maxerr=9.87E-12 time=3.506
After sweep 5 energy=-14.971813061301704  maxlinkdim=118 maxerr=1.00E-11 time=3.954
After sweep 6 energy=-14.971813061302255  maxlinkdim=118 maxerr=9.99E-12 time=4.291
After sweep 7 energy=-14.97181306130242  maxlinkdim=118 maxerr=9.94E-12 time=4.381
After sweep 8 energy=-14.971813061302383  maxlinkdim=118 maxerr=9.93E-12 time=4.733
After sweep 9 energy=-14.971813061302418  maxlinkdim=118 maxerr=9.93E-12 time=4.657
After sweep 10 energy=-14.971813061302402  maxlinkdim=118 maxerr=9.93E-12 time=4.531
After sweep 11 energy=-14.971813061302402  maxlinkdim=118 maxerr=9.93E-12 time=3.907
After sweep 12 energy=-14.971813061302441  maxlinkdim=118 maxerr=9.93E-12 time=3.850
After sweep 1 energy=-14.95572166339895  maxlinkdim=83 maxerr=1.35E-08 time=8.161
After sweep 2 energy=-14.95572166482033  maxlinkdim=74 maxerr=9.97E-12 time=3.130
After sweep 3 energy=-14.955721664502347  maxlinkdim=65 maxerr=9.97E-12 time=2.921
After sweep 4 energy=-14.955721664469486  maxlinkdim=64 maxerr=9.97E-12 time=2.842
After sweep 5 energy=-14.955721664469621  maxlinkdim=64 maxerr=9.93E-12 time=3.045
After sweep 6 energy=-14.955721664469634  maxlinkdim=64 maxerr=9.93E-12 time=3.120
After sweep 7 energy=-14.955721664469621  maxlinkdim=64 maxerr=9.93E-12 time=2.846
After sweep 8 energy=-14.955721664469642  maxlinkdim=64 maxerr=9.93E-12 time=3.350
After sweep 9 energy=-14.955721664469609  maxlinkdim=64 maxerr=9.93E-12 time=2.536
After sweep 10 energy=-14.955721664469639  maxlinkdim=64 maxerr=9.93E-12 time=2.498
After sweep 11 energy=-14.955721664469662  maxlinkdim=64 maxerr=9.93E-12 time=2.591
After sweep 12 energy=-14.955721664469614  maxlinkdim=64 maxerr=9.93E-12 time=2.743
ERROR: LoadError: EOFError: read end of file
Stacktrace:
  [1] read(s::IOStream, ::Type{UInt8})
    @ Base ./iostream.jl:400
  [2] deserialize
    @ /private/tmp/julia-1.10.10/share/julia/stdlib/v1.10/Serialization/src/Serialization.jl:814 [inlined]
  [3] deserialize(s::IOStream)
    @ Serialization /private/tmp/julia-1.10.10/share/julia/stdlib/v1.10/Serialization/src/Serialization.jl:801
  [4] open(f::typeof(deserialize), args::String; kwargs::@Kwargs{})
    @ Base ./io.jl:396
  [5] open
    @ ./io.jl:393 [inlined]
  [6] deserialize(filename::String)
    @ Serialization /private/tmp/julia-1.10.10/share/julia/stdlib/v1.10/Serialization/src/Serialization.jl:811
  [7] load_state(path::String)
    @ Main ~/Documents/wxy-z3-topological/src/audit.jl:92
  [8] charge_sectors(path::String; chi::Int64, deltas::Vector{Int64}, tag::String)
    @ Main ~/Documents/wxy-z3-topological/scripts/charge_sectors.jl:5
  [9] charge_sectors
    @ ~/Documents/wxy-z3-topological/scripts/charge_sectors.jl:3 [inlined]
 [10] top-level scope
    @ ~/Documents/wxy-z3-topological/scripts/cylinder_number_search.jl:12
 [11] include(fname::String)
    @ Base.MainInclude ./client.jl:494
 [12] top-level scope
    @ none:1
in expression starting at /Users/dmitrygreen/Documents/wxy-z3-topological/scripts/cylinder_number_search.jl:4
