Converted checkpoint: results/checkpoints/zigzag_w1_Ly1.73205_L2_N19_chi64_Nup2_seed7256_v3_star_winding1_basis_bridge_complete_20261004234123013.jls
After sweep 1 energy=-2.828427124746189  maxlinkdim=10 maxerr=7.15E-16 time=78.022
After sweep 2 energy=-2.8284271247461925  maxlinkdim=10 maxerr=8.90E-16 time=2.531
After sweep 3 energy=-2.8284271247461934  maxlinkdim=10 maxerr=9.47E-16 time=0.192
After sweep 4 energy=-2.828427124746191  maxlinkdim=2 maxerr=0.00E+00 time=6.158
After sweep 5 energy=-2.8284271247461925  maxlinkdim=2 maxerr=0.00E+00 time=1.009
After sweep 6 energy=-2.8284271247461916  maxlinkdim=2 maxerr=0.00E+00 time=0.143
After sweep 7 energy=-2.8284271247461907  maxlinkdim=2 maxerr=0.00E+00 time=0.079
After sweep 8 energy=-2.828427124746191  maxlinkdim=2 maxerr=0.00E+00 time=0.090
After sweep 9 energy=-2.8284271247461907  maxlinkdim=2 maxerr=0.00E+00 time=0.794
After sweep 10 energy=-2.828427124746191  maxlinkdim=2 maxerr=0.00E+00 time=0.134
After sweep 11 energy=-2.8284271247461903  maxlinkdim=2 maxerr=0.00E+00 time=0.072
After sweep 12 energy=-2.828427124746191  maxlinkdim=2 maxerr=0.00E+00 time=0.064
After sweep 1 energy=-2.828427124746194  maxlinkdim=10 maxerr=9.34E-16 time=0.309
After sweep 2 energy=-2.8284271247461903  maxlinkdim=10 maxerr=9.64E-16 time=1.167
After sweep 3 energy=-2.8284271247461925  maxlinkdim=10 maxerr=9.57E-16 time=0.309
After sweep 4 energy=-2.828427124746191  maxlinkdim=2 maxerr=0.00E+00 time=1.241
After sweep 5 energy=-2.8284271247461925  maxlinkdim=2 maxerr=0.00E+00 time=0.106
After sweep 6 energy=-2.828427124746189  maxlinkdim=2 maxerr=0.00E+00 time=0.185
After sweep 7 energy=-2.82842712474619  maxlinkdim=2 maxerr=0.00E+00 time=0.080
After sweep 8 energy=-2.8284271247461903  maxlinkdim=2 maxerr=0.00E+00 time=0.422
After sweep 9 energy=-2.8284271247461916  maxlinkdim=2 maxerr=0.00E+00 time=0.047
After sweep 10 energy=-2.8284271247461903  maxlinkdim=2 maxerr=0.00E+00 time=0.037
After sweep 11 energy=-2.8284271247461925  maxlinkdim=2 maxerr=0.00E+00 time=0.041
After sweep 12 energy=-2.8284271247461916  maxlinkdim=2 maxerr=0.00E+00 time=0.207
Converted checkpoint: results/checkpoints/armchair_w1_Ly3.0_L2_N20_chi64_Nup2_seed7256_v3_star_winding0_basis_bridge_complete_20261004234343495.jls
After sweep 1 energy=-2.7320508075688785  maxlinkdim=28 maxerr=8.88E-16 time=2.371
After sweep 2 energy=-2.732050807568881  maxlinkdim=28 maxerr=8.88E-16 time=0.916
After sweep 3 energy=-2.7320508075688785  maxlinkdim=28 maxerr=8.72E-14 time=7.815
After sweep 4 energy=-2.732050807568877  maxlinkdim=6 maxerr=1.19E-39 time=1.408
After sweep 5 energy=-2.7320508075688794  maxlinkdim=6 maxerr=0.00E+00 time=0.211
After sweep 6 energy=-2.73205080756888  maxlinkdim=6 maxerr=0.00E+00 time=0.691
After sweep 7 energy=-2.732050807568881  maxlinkdim=6 maxerr=0.00E+00 time=0.680
After sweep 8 energy=-2.732050807568879  maxlinkdim=6 maxerr=0.00E+00 time=0.073
After sweep 9 energy=-2.732050807568881  maxlinkdim=6 maxerr=0.00E+00 time=0.087
After sweep 10 energy=-2.7320508075688785  maxlinkdim=6 maxerr=0.00E+00 time=0.159
After sweep 11 energy=-2.732050807568881  maxlinkdim=6 maxerr=0.00E+00 time=0.042
After sweep 12 energy=-2.7320508075688803  maxlinkdim=6 maxerr=0.00E+00 time=0.490
After sweep 1 energy=-2.732050807568876  maxlinkdim=28 maxerr=7.74E-14 time=0.395
After sweep 2 energy=-2.732050807568878  maxlinkdim=28 maxerr=9.62E-14 time=0.241
After sweep 3 energy=-2.732050807568877  maxlinkdim=28 maxerr=7.21E-14 time=0.120
After sweep 4 energy=-2.7320508075688776  maxlinkdim=6 maxerr=1.14E-42 time=0.334
After sweep 5 energy=-2.7320508075688767  maxlinkdim=6 maxerr=0.00E+00 time=0.864
After sweep 6 energy=-2.732050807568877  maxlinkdim=6 maxerr=0.00E+00 time=0.280
After sweep 7 energy=-2.7320508075688776  maxlinkdim=6 maxerr=0.00E+00 time=0.970
After sweep 8 energy=-2.7320508075688807  maxlinkdim=6 maxerr=0.00E+00 time=0.843
After sweep 9 energy=-2.732050807568876  maxlinkdim=6 maxerr=0.00E+00 time=0.229
After sweep 10 energy=-2.7320508075688785  maxlinkdim=6 maxerr=0.00E+00 time=0.579
After sweep 11 energy=-2.7320508075688776  maxlinkdim=6 maxerr=0.00E+00 time=0.239
After sweep 12 energy=-2.7320508075688776  maxlinkdim=6 maxerr=0.00E+00 time=0.232
After sweep 1 energy=-2.7320508075688776  maxlinkdim=28 maxerr=7.10E-16 time=1.677
After sweep 2 energy=-2.7320508075688785  maxlinkdim=28 maxerr=9.40E-16 time=1.519
After sweep 3 energy=-2.7320508075688763  maxlinkdim=28 maxerr=7.65E-14 time=5.485
After sweep 4 energy=-2.7320508075688763  maxlinkdim=6 maxerr=8.87E-54 time=1.827
After sweep 5 energy=-2.7320508075688785  maxlinkdim=6 maxerr=0.00E+00 time=1.157
After sweep 6 energy=-2.732050807568877  maxlinkdim=6 maxerr=0.00E+00 time=0.153
After sweep 7 energy=-2.732050807568878  maxlinkdim=6 maxerr=0.00E+00 time=0.623
After sweep 8 energy=-2.7320508075688785  maxlinkdim=6 maxerr=0.00E+00 time=0.335
After sweep 9 energy=-2.732050807568877  maxlinkdim=6 maxerr=0.00E+00 time=0.647
After sweep 10 energy=-2.732050807568879  maxlinkdim=6 maxerr=0.00E+00 time=0.306
After sweep 11 energy=-2.732050807568877  maxlinkdim=6 maxerr=0.00E+00 time=0.130
After sweep 12 energy=-2.7320508075688767  maxlinkdim=6 maxerr=0.00E+00 time=1.095
After sweep 1 energy=-2.732050807568875  maxlinkdim=28 maxerr=2.16E-14 time=1.099
After sweep 2 energy=-2.732050807568879  maxlinkdim=28 maxerr=8.26E-14 time=1.451
After sweep 3 energy=-2.7320508075688794  maxlinkdim=28 maxerr=5.05E-14 time=1.341
After sweep 4 energy=-2.7320508075688794  maxlinkdim=6 maxerr=0.00E+00 time=0.199
After sweep 5 energy=-2.732050807568879  maxlinkdim=6 maxerr=0.00E+00 time=0.159
After sweep 6 energy=-2.732050807568878  maxlinkdim=6 maxerr=0.00E+00 time=1.121
After sweep 7 energy=-2.732050807568879  maxlinkdim=6 maxerr=0.00E+00 time=0.150
After sweep 8 energy=-2.7320508075688794  maxlinkdim=6 maxerr=0.00E+00 time=0.992
After sweep 9 energy=-2.732050807568879  maxlinkdim=6 maxerr=0.00E+00 time=0.188
After sweep 10 energy=-2.73205080756888  maxlinkdim=6 maxerr=0.00E+00 time=1.036
After sweep 11 energy=-2.7320508075688807  maxlinkdim=6 maxerr=0.00E+00 time=0.169
After sweep 12 energy=-2.73205080756888  maxlinkdim=6 maxerr=0.00E+00 time=1.069
ERROR: Direct sector-QN convergence incomplete; saved data and checkpoints preserved
Stacktrace:
 [1] error(s::String)
   @ Base ./error.jl:35
 [2] run_winding_qn(family::String, L::Int64, w::Int64, nup::Int64, charge::Int64; seed::Int64, maxcap::Int64, resume::String, krylovdim::Int64, eigsolve_maxiter::Int64, noise::Vector{Float64})
   @ Main ~/Documents/wxy-z3-topological/scripts/winding_qn_dmrg.jl:72
 [3] top-level scope
   @ ./none:1
