WARNING: both KrylovKit and ITensors export "Block"; uses of it in module Main must be qualified
The two-site subspace expansion produced a zero-norm expansion at (1, 2). This is likely due to the long-range nature of the QN conserving Hamiltonian.
The two-site subspace expansion produced a zero-norm expansion at (2, 3). This is likely due to the long-range nature of the QN conserving Hamiltonian.
Current bond dimension at bond (3, 4) is 8 while desired maximum dimension is 8, skipping bond dimension increase at (3, 4)
Current bond dimension at bond (4, 5) is 8 while desired maximum dimension is 8, skipping bond dimension increase at (4, 5)
Current bond dimension at bond (5, 6) is 8 while desired maximum dimension is 8, skipping bond dimension increase at (5, 6)
Current bond dimension at bond (6, 7) is 8 while desired maximum dimension is 8, skipping bond dimension increase at (6, 7)
Current bond dimension at bond (7, 8) is 8 while desired maximum dimension is 8, skipping bond dimension increase at (7, 8)
Current bond dimension at bond (8, 9) is 8 while desired maximum dimension is 8, skipping bond dimension increase at (8, 9)
Current bond dimension at bond (9, 10) is 8 while desired maximum dimension is 8, skipping bond dimension increase at (9, 10)
Current bond dimension at bond (10, 11) is 8 while desired maximum dimension is 8, skipping bond dimension increase at (10, 11)
Current bond dimension at bond (11, 12) is 8 while desired maximum dimension is 8, skipping bond dimension increase at (11, 12)
Current bond dimension at bond (12, 13) is 8 while desired maximum dimension is 8, skipping bond dimension increase at (12, 13)
Current bond dimension at bond (13, 14) is 8 while desired maximum dimension is 8, skipping bond dimension increase at (13, 14)
Current bond dimension at bond (14, 15) is 8 while desired maximum dimension is 8, skipping bond dimension increase at (14, 15)
Current bond dimension at bond (15, 16) is 8 while desired maximum dimension is 8, skipping bond dimension increase at (15, 16)
Current bond dimension at bond (16, 17) is 8 while desired maximum dimension is 8, skipping bond dimension increase at (16, 17)
Current bond dimension at bond (17, 18) is 8 while desired maximum dimension is 8, skipping bond dimension increase at (17, 18)
Current bond dimension at bond (18, 19) is 8 while desired maximum dimension is 8, skipping bond dimension increase at (18, 19)
Current bond dimension at bond (19, 20) is 8 while desired maximum dimension is 8, skipping bond dimension increase at (19, 20)
Current bond dimension at bond (20, 21) is 8 while desired maximum dimension is 8, skipping bond dimension increase at (20, 21)
Current bond dimension at bond (21, 22) is 8 while desired maximum dimension is 8, skipping bond dimension increase at (21, 22)
Current bond dimension at bond (22, 23) is 8 while desired maximum dimension is 8, skipping bond dimension increase at (22, 23)
Current bond dimension at bond (23, 24) is 8 while desired maximum dimension is 8, skipping bond dimension increase at (23, 24)
Current bond dimension at bond (24, 25) is 8 while desired maximum dimension is 8, skipping bond dimension increase at (24, 25)
Current bond dimension at bond (25, 26) is 8 while desired maximum dimension is 8, skipping bond dimension increase at (25, 26)
Current bond dimension at bond (26, 27) is 8 while desired maximum dimension is 8, skipping bond dimension increase at (26, 27)
Current bond dimension at bond (27, 28) is 8 while desired maximum dimension is 8, skipping bond dimension increase at (27, 28)
Current bond dimension at bond (28, 29) is 8 while desired maximum dimension is 8, skipping bond dimension increase at (28, 29)
Current bond dimension at bond (29, 30) is 8 while desired maximum dimension is 8, skipping bond dimension increase at (29, 30)
Current bond dimension at bond (30, 31) is 8 while desired maximum dimension is 8, skipping bond dimension increase at (30, 31)
Current bond dimension at bond (31, 32) is 8 while desired maximum dimension is 8, skipping bond dimension increase at (31, 32)
Current bond dimension at bond (32, 33) is 8 while desired maximum dimension is 8, skipping bond dimension increase at (32, 33)
Current bond dimension at bond (33, 34) is 8 while desired maximum dimension is 8, skipping bond dimension increase at (33, 34)
The two-site subspace expansion produced a zero-norm expansion at (34, 35). This is likely due to the long-range nature of the QN conserving Hamiltonian.
The two-site subspace expansion produced a zero-norm expansion at (35, 36). This is likely due to the long-range nature of the QN conserving Hamiltonian.
ERROR: LoadError: To direct sum two indices, they must have the same direction. Trying to direct sum indices (dim=1|id=984|"Link,Right,c=1,l=36") <Out>
 1: QN("Sz",0) => 1 and (dim=2|id=362|"Link,v") <In>
 1: QN("Sz",-18) => 1
 2: QN("Sz",18) => 1.
Stacktrace:
  [1] error(s::String)
    @ Base ./error.jl:35
  [2] directsum(i::Index{Vector{Pair{QN, Int64}}}, j::Index{Vector{Pair{QN, Int64}}}; tags::String)
    @ ITensors /private/tmp/wxy-julia-depot/packages/ITensors/rRwEF/src/qn/qnindex.jl:394
  [3] directsum
    @ /private/tmp/wxy-julia-depot/packages/ITensors/rRwEF/src/qn/qnindex.jl:391 [inlined]
  [4] _directsum(IJ::Nothing, A::ITensor, I::Vector{Index{Vector{Pair{QN, Int64}}}}, B::ITensor, J::Vector{Index{Vector{Pair{QN, Int64}}}}; tags::Tuple{String})
    @ ITensors /private/tmp/wxy-julia-depot/packages/ITensors/rRwEF/src/tensor_operations/tensor_algebra.jl:304
  [5] _directsum
    @ /private/tmp/wxy-julia-depot/packages/ITensors/rRwEF/src/tensor_operations/tensor_algebra.jl:291 [inlined]
  [6] #directsum#243
    @ /private/tmp/wxy-julia-depot/packages/ITensors/rRwEF/src/tensor_operations/tensor_algebra.jl:461 [inlined]
  [7] directsum
    @ /private/tmp/wxy-julia-depot/packages/ITensors/rRwEF/src/tensor_operations/tensor_algebra.jl:458 [inlined]
  [8] #directsum#242
    @ /private/tmp/wxy-julia-depot/packages/ITensors/rRwEF/src/tensor_operations/tensor_algebra.jl:455 [inlined]
  [9] subspace_expansion(ψ::InfiniteCanonicalMPS, H::InfiniteSum{MPO}, b::Tuple{Int64, Int64}; maxdim::Int64, cutoff::Float64, atol::Float64, kwargs::@Kwargs{})
    @ ITensorInfiniteMPS /private/tmp/wxy-julia-depot/packages/ITensorInfiniteMPS/zxrMH/src/subspace_expansion.jl:222
 [10] subspace_expansion
    @ /private/tmp/wxy-julia-depot/packages/ITensorInfiniteMPS/zxrMH/src/subspace_expansion.jl:166 [inlined]
 [11] subspace_expansion(ψ::InfiniteCanonicalMPS, H::InfiniteSum{MPO}; kwargs::@Kwargs{cutoff::Float64, maxdim::Int64})
    @ ITensorInfiniteMPS /private/tmp/wxy-julia-depot/packages/ITensorInfiniteMPS/zxrMH/src/subspace_expansion.jl:323
 [12] subspace_expansion
    @ /private/tmp/wxy-julia-depot/packages/ITensorInfiniteMPS/zxrMH/src/subspace_expansion.jl:315 [inlined]
 [13] run_random_cell(family::String, w::Int64, nup::Int64; initial_chi::Int64, target_chi::Int64, seed::Int64)
    @ Main ~/Documents/wxy-z3-topological/scripts/infinite_random_cell.jl:20
 [14] top-level scope
    @ ~/Documents/wxy-z3-topological/scripts/infinite_random_cell.jl:34
in expression starting at /Users/dmitrygreen/Documents/wxy-z3-topological/scripts/infinite_random_cell.jl:33
