INFINITE FIT physical bulk slices 1:2 MPS range 11:28
ERROR: In `isapprox(::ITensor, ::ITensor)`, the indices of the ITensors do not
      match. The first ITensor has indices: 

((dim=8|id=871|"Left,Link,c=0,l=18")'', (dim=8|id=871|"Left,Link,c=0,l=18")')

but the second
      ITensor has indices: 

((dim=8|id=871|"Left,Link,c=0,l=18")'', (dim=8|id=871|"Left,Link,c=0,l=18"))
Stacktrace:
  [1] error(s::String)
    @ Base ./error.jl:35
  [2] isapprox(A::ITensor, B::ITensor; kwargs::@Kwargs{rtol::Float64})
    @ ITensors /private/tmp/wxy-julia-depot/packages/ITensors/rRwEF/src/itensor.jl:1788
  [3] isapprox
    @ /private/tmp/wxy-julia-depot/packages/ITensors/rRwEF/src/itensor.jl:1786 [inlined]
  [4] #ishermitian#264
    @ /private/tmp/wxy-julia-depot/packages/ITensors/rRwEF/src/tensor_operations/permutations.jl:103 [inlined]
  [5] ishermitian
    @ /private/tmp/wxy-julia-depot/packages/ITensors/rRwEF/src/tensor_operations/permutations.jl:102 [inlined]
  [6] right_orthogonalize(ψ::InfiniteMPS; left_tags::ITensors.TagSets.GenericTagSet{BitIntegers.UInt256, 4}, right_tags::ITensors.TagSets.GenericTagSet{BitIntegers.UInt256, 4}, tol::Float64, eager::Bool, ishermitian_kwargs::@NamedTuple{rtol::Float64})
    @ ITensorInfiniteMPS /private/tmp/wxy-julia-depot/packages/ITensorInfiniteMPS/zxrMH/src/orthogonalize.jl:44
  [7] right_orthogonalize
    @ /private/tmp/wxy-julia-depot/packages/ITensorInfiniteMPS/zxrMH/src/orthogonalize.jl:4 [inlined]
  [8] #left_orthogonalize#236
    @ /private/tmp/wxy-julia-depot/packages/ITensorInfiniteMPS/zxrMH/src/orthogonalize.jl:106 [inlined]
  [9] left_orthogonalize
    @ /private/tmp/wxy-julia-depot/packages/ITensorInfiniteMPS/zxrMH/src/orthogonalize.jl:103 [inlined]
 [10] infinite_from_finite(path::String; initial_chi::Int64, target_chi::Int64)
    @ Main ~/Documents/wxy-z3-topological/scripts/infinite_from_finite.jl:27
 [11] top-level scope
    @ none:1
(abs(λL0) ^ (1 / N), abs(λRN) ^ (1 / N)) = (0.6846531308982401, 0.6847074704662042)
(abs(λL0) ^ (1 / N), abs(λRN) ^ (1 / N)) = (0.8259076928435723, 0.8259076928435723)
(abs(λL0) ^ (1 / N), abs(λRN) ^ (1 / N)) = (0.8732505673602025, 0.8732505673602025)
(abs(λL0) ^ (1 / N), abs(λRN) ^ (1 / N)) = (0.8742163113128717, 0.8742163113128718)
Norm of the imaginary part 0.6501719620016961 is larger than the tolerance value 1e-15. Keeping as complex.
norm(v₁ᴿᴺ - swapinds(dag(v₁ᴿᴺ), reverse(Pair(inds(v₁ᴿᴺ)...)))) = 6.52816482004865e-16
