{
  "labels": [
    {
      "state": 0,
      "energy": -7.364534839425695,
      "charges": {
        "Y0": [
          -0.4999999999999987,
          -0.86602540378444
        ],
        "Y1": [
          -0.5,
          -0.8660254037844394
        ],
        "X": [
          -0.4999999999999992,
          -0.8660254037844395
        ],
        "P_hex": [
          0.999999999999986,
          -4.85722573273506e-17
        ],
        "Tx": [
          0.9999999999999906,
          -3.191891195797325e-16
        ],
        "F": [
          4.909267437014364e-16,
          -5.204170427930421e-18
        ],
        "R0": [
          -1.2351231148954867e-15,
          1.5612511283791264e-16
        ],
        "R1": [
          6.265821195228227e-15,
          2.220446049250313e-16
        ]
      },
      "unitary_variances": {
        "Y0": 0.0,
        "Y1": 0.0,
        "X": 0.0,
        "P_hex": 2.7977620220553945e-14,
        "Tx": 1.887379141862766e-14,
        "F": 1.0,
        "R0": 1.0,
        "R1": 1.0
      },
      "Y0_q": 2,
      "Y1_q": 2,
      "X_q": 2,
      "P_hex_q": 0
    },
    {
      "state": 1,
      "energy": -7.364534839425865,
      "charges": {
        "Y0": [
          -0.5000000000000064,
          -0.8660254037844481
        ],
        "Y1": [
          -0.5000000000000069,
          0.866025403784432
        ],
        "X": [
          0.9999999999999996,
          -2.914335439641036e-16
        ],
        "P_hex": [
          -0.5000000000000061,
          0.8660254037844317
        ],
        "Tx": [
          1.758142242902494e-15,
          1.474514954580286e-17
        ],
        "F": [
          1.7368918803217781e-15,
          3.252606517456513e-17
        ],
        "R0": [
          3.165870343657673e-15,
          1.5959455978986625e-16
        ],
        "R1": [
          -5.516420653606247e-16,
          2.6020852139652106e-17
        ]
      },
      "unitary_variances": {
        "Y0": 0.0,
        "Y1": 4.6629367034256575e-15,
        "X": 8.881784197001252e-16,
        "P_hex": 5.995204332975845e-15,
        "Tx": 1.0,
        "F": 1.0,
        "R0": 1.0,
        "R1": 1.0
      },
      "Y0_q": 2,
      "Y1_q": 1,
      "X_q": 0,
      "P_hex_q": 1
    },
    {
      "state": 2,
      "energy": -7.3645348394257955,
      "charges": {
        "Y0": [
          -0.5000000000000058,
          0.8660254037844428
        ],
        "Y1": [
          -0.4999999999999969,
          -0.8660254037844461
        ],
        "X": [
          0.9999999999999907,
          -5.620504062164855e-16
        ],
        "P_hex": [
          -0.4999999999999971,
          -0.8660254037844461
        ],
        "Tx": [
          -1.2254086634300165e-14,
          -1.3010426069826053e-18
        ],
        "F": [
          -1.2247147740396258e-14,
          -3.5128150388530344e-17
        ],
        "R0": [
          9.055256544598933e-16,
          -1.231653667943533e-16
        ],
        "R1": [
          -2.7432917049097227e-14,
          -3.469446951953614e-17
        ]
      },
      "unitary_variances": {
        "Y0": 0.0,
        "Y1": 0.0,
        "X": 1.865174681370263e-14,
        "P_hex": 0.0,
        "Tx": 1.0,
        "F": 1.0,
        "R0": 1.0,
        "R1": 1.0
      },
      "Y0_q": 1,
      "Y1_q": 2,
      "X_q": 0,
      "P_hex_q": 2
    },
    {
      "state": 3,
      "energy": -7.3645348394257315,
      "charges": {
        "Y0": [
          -0.4999999999999992,
          0.8660254037844446
        ],
        "Y1": [
          -0.5000000000000001,
          0.8660254037844453
        ],
        "X": [
          -0.49999999999999845,
          0.8660254037844436
        ],
        "P_hex": [
          0.999999999999998,
          -2.0816681711721685e-16
        ],
        "Tx": [
          1.0000000000000049,
          2.2898349882893854e-16
        ],
        "F": [
          8.821068875342064e-16,
          2.3635607360183997e-17
        ],
        "R0": [
          -7.344819197285801e-15,
          -9.540979117872439e-17
        ],
        "R1": [
          2.948509492117779e-14,
          2.2551405187698492e-17
        ]
      },
      "unitary_variances": {
        "Y0": 0.0,
        "Y1": 0.0,
        "X": 0.0,
        "P_hex": 3.9968028886505635e-15,
        "Tx": 0.0,
        "F": 1.0,
        "R0": 1.0,
        "R1": 1.0
      },
      "Y0_q": 1,
      "Y1_q": 1,
      "X_q": 1,
      "P_hex_q": 0
    }
  ],
  "commutators": {
    "Y0,Y1": 2.5409763341876398e-14,
    "Y0,X": 2.224946024172539e-14,
    "Y0,P_hex": 2.2332000246781254e-14,
    "Y0,Tx": 2.449489742783223,
    "Y0,F": 3.464101615137754,
    "Y0,R0": 3.464101615137763,
    "Y0,R1": 3.939311456220531e-14,
    "Y1,X": 3.055097058924635e-14,
    "Y1,P_hex": 2.3150951046146987e-14,
    "Y1,Tx": 2.4494897427832005,
    "Y1,F": 3.464101615137731,
    "Y1,R0": 3.448695400290985e-14,
    "Y1,R1": 3.4641016151377477,
    "X,P_hex": 2.2175685553444743e-14,
    "X,Tx": 2.033423767099498e-14,
    "X,F": 2.4494897427831526,
    "X,R0": 3.4641016151377606,
    "X,R1": 3.464101615137769,
    "P_hex,Tx": 2.449489742783198,
    "P_hex,F": 2.4494897427831854,
    "P_hex,R0": 3.464101615137751,
    "P_hex,R1": 3.4641016151377597,
    "Tx,F": 1.8225750401055748e-14,
    "Tx,R0": 2.8284271247462067,
    "Tx,R1": 2.8284271247462094,
    "F,R0": 2.943590136069838e-14,
    "F,R1": 2.8120211224202105e-14,
    "R0,R1": 1.8036998080568635e-14
  },
  "residuals": [
    1.680346337647987e-14,
    1.6058001524398944e-14,
    1.4869105692738293e-14,
    1.434267068409151e-14
  ]
}
