Finite states: 38 Infinite states: 35 Descriptive fits: 4
armchair 2 1 star 256 -8.037741644994776 1.1441441530501577
armchair 4 1 axial 128 -15.342670682177308 2.1695081090897848
armchair 4 1 star 256 -15.345406227612273 2.18301379447885
armchair 4 2 axial 128 -29.720365044892823 2.21054458734999
armchair 4 2 star 256 -30.53419069041318 2.752882086141472
armchair 4 3 axial 128 -42.376191001134906 2.5323761681751793
armchair 4 3 star 256 -45.170640612249606 2.9771541697972097
armchair 4 4 star 256 -57.42849483718804 3.2098432413172433
armchair 6 2 star 256 -45.0862991430442 2.4395714226881027
zigzag 2 1 star 128 -7.696107978313739 1.3553089188696528
zigzag 4 1 axial 128 -15.00988305319582 0.8506911145475792
zigzag 4 1 star 512 -15.032857321463817 1.8713200976624598
zigzag 4 2 axial 128 -29.54719361847984 1.4527725321636842
zigzag 4 2 star 256 -29.90430662518436 1.6279937865184928
zigzag 4 3 axial 128 -42.06902051588944 1.807571554103794
zigzag 4 3 star 512 -44.76583964664972 2.1093028418683537
zigzag 4 4 star 256 -59.067729040349704 2.011666544567067
zigzag 6 1 axial 256 -22.374969269818568 1.0308985070604002
zigzag 6 1 star 512 -22.37819535397228 1.748618499412496
zigzag 6 2 axial 128 -43.864175671029955 1.4845826581674757
zigzag 6 2 star 256 -44.486723744966305 1.592340487987539
zigzag 10 1 axial 256 -37.04000399931747 1.0688372821664518
zigzag 10 1 star 512 -37.06357499045735 2.107993265929361
