Test Summary:                          | Pass  Total     Time
Independent local-loop operator checks |    3      3  2m01.8s
Test Summary:                                           | Pass  Total   Time
Legacy local-loop entry point translates scalar indices |    3      3  30.1s
After sweep 1 energy=-2.734111945554752  maxlinkdim=7 maxerr=1.97E-16 time=84.065
After sweep 2 energy=-2.7346334132705574  maxlinkdim=7 maxerr=1.31E-14 time=17.585
After sweep 3 energy=-2.734634730324565  maxlinkdim=7 maxerr=7.37E-14 time=10.239
After sweep 4 energy=-2.7346347455384232  maxlinkdim=6 maxerr=8.61E-14 time=8.995
After sweep 5 energy=-2.734634746930759  maxlinkdim=6 maxerr=4.38E-14 time=8.661
After sweep 6 energy=-2.7346347470747574  maxlinkdim=6 maxerr=2.14E-14 time=6.300
After sweep 7 energy=-2.734634747092011  maxlinkdim=6 maxerr=9.08E-14 time=6.802
After sweep 8 energy=-2.734634747094148  maxlinkdim=6 maxerr=6.72E-14 time=4.856
After sweep 9 energy=-2.734634747094548  maxlinkdim=6 maxerr=1.51E-14 time=4.090
After sweep 10 energy=-2.734634747094633  maxlinkdim=6 maxerr=3.31E-15 time=3.918
After sweep 11 energy=-2.7346347470946597  maxlinkdim=6 maxerr=7.08E-16 time=3.086
After sweep 12 energy=-2.7346347470946597  maxlinkdim=6 maxerr=1.50E-16 time=4.077
After sweep 1 energy=-2.734634747094665  maxlinkdim=6 maxerr=3.18E-17 time=28.799
After sweep 2 energy=-2.7346347470946615  maxlinkdim=6 maxerr=6.74E-18 time=2.586
After sweep 3 energy=-2.734634747094649  maxlinkdim=6 maxerr=1.43E-18 time=1.667
After sweep 4 energy=-2.734634747094649  maxlinkdim=6 maxerr=3.02E-19 time=3.251
After sweep 5 energy=-2.734634747094665  maxlinkdim=6 maxerr=6.38E-20 time=1.752
After sweep 6 energy=-2.7346347470946633  maxlinkdim=6 maxerr=1.35E-20 time=4.310
After sweep 7 energy=-2.734634747094651  maxlinkdim=6 maxerr=2.86E-21 time=2.602
After sweep 8 energy=-2.7346347470946526  maxlinkdim=6 maxerr=6.04E-22 time=3.066
After sweep 9 energy=-2.7346347470946633  maxlinkdim=6 maxerr=1.28E-22 time=5.083
After sweep 10 energy=-2.7346347470946526  maxlinkdim=6 maxerr=2.71E-23 time=1.669
After sweep 11 energy=-2.734634747094658  maxlinkdim=6 maxerr=5.72E-24 time=2.344
After sweep 12 energy=-2.734634747094656  maxlinkdim=6 maxerr=1.21E-24 time=8.530
After sweep 1 energy=-2.8166099585532423  maxlinkdim=6 maxerr=2.21E-14 time=7.393
After sweep 2 energy=-2.828394124318239  maxlinkdim=3 maxerr=9.25E-15 time=3.706
After sweep 3 energy=-2.8284263297149606  maxlinkdim=2 maxerr=0.00E+00 time=2.221
After sweep 4 energy=-2.8284271006469766  maxlinkdim=2 maxerr=0.00E+00 time=0.421
After sweep 5 energy=-2.8284271240029306  maxlinkdim=2 maxerr=0.00E+00 time=1.351
After sweep 6 energy=-2.8284271247232424  maxlinkdim=2 maxerr=0.00E+00 time=0.994
After sweep 7 energy=-2.8284271247454855  maxlinkdim=2 maxerr=0.00E+00 time=0.865
After sweep 8 energy=-2.8284271247461685  maxlinkdim=2 maxerr=0.00E+00 time=0.758
After sweep 9 energy=-2.8284271247461943  maxlinkdim=2 maxerr=0.00E+00 time=1.408
After sweep 10 energy=-2.8284271247461863  maxlinkdim=2 maxerr=0.00E+00 time=1.428
After sweep 11 energy=-2.8284271247461885  maxlinkdim=2 maxerr=0.00E+00 time=0.893
After sweep 12 energy=-2.828427124746193  maxlinkdim=2 maxerr=0.00E+00 time=0.363
After sweep 1 energy=-2.82842712474619  maxlinkdim=2 maxerr=0.00E+00 time=0.643
After sweep 2 energy=-2.828427124746193  maxlinkdim=2 maxerr=0.00E+00 time=0.296
After sweep 3 energy=-2.828427124746186  maxlinkdim=2 maxerr=0.00E+00 time=0.763
After sweep 4 energy=-2.8284271247461903  maxlinkdim=2 maxerr=0.00E+00 time=0.761
After sweep 5 energy=-2.828427124746193  maxlinkdim=2 maxerr=0.00E+00 time=0.600
After sweep 6 energy=-2.8284271247461974  maxlinkdim=2 maxerr=0.00E+00 time=0.215
After sweep 7 energy=-2.8284271247461987  maxlinkdim=2 maxerr=0.00E+00 time=1.027
After sweep 8 energy=-2.828427124746195  maxlinkdim=2 maxerr=0.00E+00 time=0.569
After sweep 9 energy=-2.828427124746182  maxlinkdim=2 maxerr=0.00E+00 time=1.396
After sweep 10 energy=-2.828427124746192  maxlinkdim=2 maxerr=0.00E+00 time=0.246
After sweep 11 energy=-2.828427124746193  maxlinkdim=2 maxerr=0.00E+00 time=0.094
After sweep 12 energy=-2.828427124746191  maxlinkdim=2 maxerr=0.00E+00 time=0.806
After sweep 1 energy=-2.7320103638451445  maxlinkdim=7 maxerr=1.81E-14 time=13.050
After sweep 2 energy=-2.732050805566069  maxlinkdim=7 maxerr=8.84E-19 time=4.336
After sweep 3 energy=-2.732050807488412  maxlinkdim=7 maxerr=7.25E-20 time=5.797
After sweep 4 energy=-2.7320508075643666  maxlinkdim=7 maxerr=2.09E-24 time=4.336
After sweep 5 energy=-2.7320508075685845  maxlinkdim=7 maxerr=1.82E-14 time=5.072
After sweep 6 energy=-2.7320508075688856  maxlinkdim=7 maxerr=1.82E-14 time=3.615
After sweep 7 energy=-2.7320508075688665  maxlinkdim=7 maxerr=2.94E-16 time=2.797
After sweep 8 energy=-2.732050807568888  maxlinkdim=7 maxerr=4.85E-18 time=2.932
After sweep 9 energy=-2.7320508075688843  maxlinkdim=7 maxerr=7.98E-20 time=4.533
After sweep 10 energy=-2.732050807568882  maxlinkdim=7 maxerr=1.31E-21 time=4.506
After sweep 11 energy=-2.732050807568879  maxlinkdim=7 maxerr=2.16E-23 time=3.465
After sweep 12 energy=-2.7320508075688696  maxlinkdim=7 maxerr=3.56E-25 time=1.592
After sweep 1 energy=-2.7320508075688865  maxlinkdim=7 maxerr=5.85E-27 time=2.810
After sweep 2 energy=-2.7320508075688665  maxlinkdim=7 maxerr=4.31E-34 time=0.961
After sweep 3 energy=-2.732050807568879  maxlinkdim=7 maxerr=3.21E-34 time=0.547
After sweep 4 energy=-2.7320508075688688  maxlinkdim=7 maxerr=7.17E-34 time=2.024
After sweep 5 energy=-2.732050807568897  maxlinkdim=7 maxerr=2.63E-34 time=0.801
After sweep 6 energy=-2.732050807568872  maxlinkdim=7 maxerr=3.18E-35 time=0.456
After sweep 7 energy=-2.732050807568874  maxlinkdim=7 maxerr=1.33E-34 time=1.090
After sweep 8 energy=-2.732050807568892  maxlinkdim=7 maxerr=4.08E-34 time=1.238
After sweep 9 energy=-2.73205080756889  maxlinkdim=7 maxerr=1.61E-34 time=2.120
After sweep 10 energy=-2.7320508075688825  maxlinkdim=7 maxerr=3.17E-34 time=1.203
After sweep 11 energy=-2.7320508075688847  maxlinkdim=7 maxerr=3.96E-34 time=0.957
After sweep 12 energy=-2.732050807568892  maxlinkdim=7 maxerr=4.43E-34 time=1.276
After sweep 1 energy=-2.828081125439837  maxlinkdim=8 maxerr=6.19E-17 time=17.269
After sweep 2 energy=-2.82842705663832  maxlinkdim=7 maxerr=1.49E-14 time=10.500
After sweep 3 energy=-2.8284271246688046  maxlinkdim=6 maxerr=9.85E-14 time=10.444
After sweep 4 energy=-2.8284271247461703  maxlinkdim=4 maxerr=4.25E-14 time=3.987
After sweep 5 energy=-2.8284271247461827  maxlinkdim=4 maxerr=1.92E-21 time=1.768
After sweep 6 energy=-2.82842712474619  maxlinkdim=4 maxerr=2.00E-24 time=3.652
After sweep 7 energy=-2.8284271247461863  maxlinkdim=4 maxerr=2.19E-27 time=2.027
After sweep 8 energy=-2.8284271247461934  maxlinkdim=4 maxerr=2.52E-30 time=1.278
After sweep 9 energy=-2.828427124746181  maxlinkdim=4 maxerr=5.38E-33 time=2.691
After sweep 10 energy=-2.8284271247461916  maxlinkdim=4 maxerr=3.36E-32 time=1.283
After sweep 11 energy=-2.82842712474619  maxlinkdim=4 maxerr=2.36E-32 time=0.928
After sweep 12 energy=-2.828427124746197  maxlinkdim=4 maxerr=1.09E-32 time=2.149
After sweep 1 energy=-2.8284271247461916  maxlinkdim=4 maxerr=1.73E-32 time=2.160
After sweep 2 energy=-2.828427124746195  maxlinkdim=4 maxerr=1.69E-32 time=0.978
After sweep 3 energy=-2.8284271247461845  maxlinkdim=4 maxerr=2.60E-32 time=0.708
After sweep 4 energy=-2.828427124746188  maxlinkdim=4 maxerr=6.58E-33 time=1.041
After sweep 5 energy=-2.8284271247461845  maxlinkdim=4 maxerr=2.75E-32 time=1.417
After sweep 6 energy=-2.828427124746188  maxlinkdim=4 maxerr=8.88E-32 time=0.343
After sweep 7 energy=-2.828427124746206  maxlinkdim=4 maxerr=1.63E-32 time=1.035
After sweep 8 energy=-2.828427124746195  maxlinkdim=4 maxerr=1.73E-32 time=1.237
After sweep 9 energy=-2.8284271247461987  maxlinkdim=4 maxerr=1.47E-32 time=0.871
After sweep 10 energy=-2.828427124746197  maxlinkdim=4 maxerr=1.26E-32 time=1.439
After sweep 11 energy=-2.828427124746195  maxlinkdim=4 maxerr=6.54E-33 time=1.443
After sweep 12 energy=-2.8284271247461916  maxlinkdim=4 maxerr=9.00E-33 time=1.010
