zigzag_L2_w1 0 1 0.0 0.0
zigzag_L2_w1 1 19 -1.4142135623730963 1.4500196620111574e-15
zigzag_L2_w1 2 171 -2.8284271247461894 1.1571194862134573e-14
zigzag_L2_w1 3 969 -4.045350403863762 2.7581344383298078e-12
zigzag_L2_w1 4 3876 -5.23056249488975 7.968710689113225e-12
zigzag_L2_w1 5 11628 -6.271258280259313 1.187224972272619e-11
zigzag_L2_w1 6 27132 -6.96827805916839 2.3693276493934064e-13
zigzag_L2_w1 7 50388 -7.663589809172084 1.0498614062054536e-13
zigzag_L2_w1 8 75582 -7.66845601810899 1.91917376827008e-11
zigzag_L2_w1 9 92378 -7.696107978815029 6.189282619731023e-11
zigzag_L2_w1 10 92378 -7.696107978815068 5.3122297029105236e-11
zigzag_L2_w1 11 75582 -7.668456018108966 5.1027961994390646e-11
zigzag_L2_w1 12 50388 -7.663589809172062 2.286411085212962e-13
zigzag_L2_w1 13 27132 -6.96827805916839 1.7555112160505495e-12
zigzag_L2_w1 14 11628 -6.271258280259284 1.188158071998915e-11
zigzag_L2_w1 15 3876 -5.230562494889724 7.84950359477049e-12
zigzag_L2_w1 16 969 -4.04535040386374 1.7221536783401353e-12
zigzag_L2_w1 17 171 -2.8284271247461947 4.0551004547610716e-14
zigzag_L2_w1 18 19 -1.4142135623730971 2.1332850265159218e-15
zigzag_L2_w1 19 1 0.0 0.0
armchair_L2_w1 0 1 0.0 0.0
armchair_L2_w1 1 20 -1.4142135623730974 2.406177366063914e-15
armchair_L2_w1 2 190 -2.8284271247461947 4.515311293649447e-12
armchair_L2_w1 3 1140 -4.037837839243325 1.6529244303405273e-11
armchair_L2_w1 4 4845 -5.2177653847589776 3.591734556064795e-14
armchair_L2_w1 5 15504 -5.932510952489884 1.0508200114026652e-13
armchair_L2_w1 6 38760 -6.64680935775631 9.779930759030513e-12
armchair_L2_w1 7 77520 -7.342049162884903 4.433148677537755e-11
armchair_L2_w1 8 125970 -8.037741645057586 2.888700747827489e-13
armchair_L2_w1 9 167960 -8.001845254997765 7.939235626127605e-11
armchair_L2_w1 10 184756 -7.994302046793319 1.1582251865611042e-11
armchair_L2_w1 11 167960 -8.001845254997786 6.561638994158576e-11
armchair_L2_w1 12 125970 -8.037741645057515 1.0879077436058792e-13
armchair_L2_w1 13 77520 -7.342049162884932 3.904705030276899e-14
armchair_L2_w1 14 38760 -6.646809357756305 2.8280854122969972e-11
armchair_L2_w1 15 15504 -5.932510952489868 9.689604761885593e-14
armchair_L2_w1 16 4845 -5.217765384758955 1.623587781615586e-14
armchair_L2_w1 17 1140 -4.037837839243319 1.4290362590443365e-11
armchair_L2_w1 18 190 -2.8284271247461823 9.576673764719628e-13
armchair_L2_w1 19 20 -1.414213562373099 4.9480320794883185e-15
armchair_L2_w1 20 1 0.0 0.0
